// Jest Snapshot v1, https://goo.gl/fbAQLP

exports[`should render PantryPage correctly 1`] = `
<ContextProvider
  value={
    Object {
      "pantryDispatch": [Function],
      "pantryIngredients": Array [],
    }
  }
>
  <ContextProvider
    value={
      Object {
        "dispatch": [Function],
        "ingredients": Array [],
      }
    }
  >
    <h3>
      Pantry page content
    </h3>
    <IngredientsList />
  </ContextProvider>
</ContextProvider>
`;
