// Jest Snapshot v1, https://goo.gl/fbAQLP

exports[`should render DashboardPage correctly 1`] = `
<ContextProvider
  value={
    Object {
      "filters": undefined,
      "filtersDispatch": [Function],
    }
  }
>
  <ContextProvider
    value={
      Object {
        "dishDispatch": [Function],
        "dishes": Array [],
      }
    }
  >
    <ContextProvider
      value={
        Object {
          "pantryDispatch": [Function],
          "pantryIngredients": Array [],
        }
      }
    >
      <h3>
        Dashboard Page
      </h3>
      <DashboardList />
    </ContextProvider>
  </ContextProvider>
</ContextProvider>
`;
