// Jest Snapshot v1, https://goo.gl/fbAQLP

exports[`should render DishesList with dishes 1`] = `
<DishesList
  dishes={
    Array [
      Object {
        "cuisine": "dinner",
        "description": "test",
        "id": 1,
        "keyIngredients": Array [
          "meatballs",
          "roll",
          "marinara sauce",
        ],
        "name": "Meatball Sub",
        "optionalIngredients": Array [
          "parmesan",
        ],
        "recipes": Array [],
        "type": "",
      },
      Object {
        "cuisine": "snack",
        "description": "test 2",
        "id": 2,
        "keyIngredients": Array [
          "bread",
          "butter",
        ],
        "name": "Butter Toast",
        "optionalIngredients": Array [],
        "recipes": Array [],
        "type": "",
      },
      Object {
        "cuisine": "dinner",
        "description": "test 3",
        "id": 3,
        "keyIngredients": Array [
          "perogies",
        ],
        "name": "Perogies",
        "optionalIngredients": Array [
          "spinach",
          "chicken",
          "garlic",
        ],
        "recipes": Array [],
        "type": "",
      },
    ]
  }
/>
`;
