// Jest Snapshot v1, https://goo.gl/fbAQLP

exports[`should render EditDishPage correctly 1`] = `
<ContextProvider
  value={
    Object {
      "dishDispatch": [Function],
      "dishes": Array [],
    }
  }
>
  <ContextProvider
    value={
      Object {
        "dispatch": [Function],
        "ingredients": Array [],
      }
    }
  >
    <h1>
      Edit Dish
    </h1>
    <EditDishHome />
  </ContextProvider>
</ContextProvider>
`;
