// Jest Snapshot v1, https://goo.gl/fbAQLP

exports[`should render EditDishHome correctly 1`] = `
<EditDishHome
  dishes={
    Array [
      Object {
        "cuisine": "dinner",
        "description": "test",
        "id": 1,
        "keyIngredients": Array [
          "meatballs",
          "roll",
          "marinara sauce",
        ],
        "name": "Meatball Sub",
        "optionalIngredients": Array [
          "parmesan",
        ],
        "recipes": Array [],
        "type": "",
      },
      Object {
        "cuisine": "snack",
        "description": "test 2",
        "id": 2,
        "keyIngredients": Array [
          "bread",
          "butter",
        ],
        "name": "Butter Toast",
        "optionalIngredients": Array [],
        "recipes": Array [],
        "type": "",
      },
      Object {
        "cuisine": "dinner",
        "description": "test 3",
        "id": 3,
        "keyIngredients": Array [
          "perogies",
        ],
        "name": "Perogies",
        "optionalIngredients": Array [
          "spinach",
          "chicken",
          "garlic",
        ],
        "recipes": Array [],
        "type": "",
      },
    ]
  }
>
  <div>
    <DishForm
      onSubmit={[Function]}
    >
      <form
        onSubmit={[Function]}
      >
        <input
          onChange={[Function]}
          placeholder="Name"
          type="text"
          value=""
        />
        <Dropdown
          additionLabel="Add "
          additionPosition="top"
          closeOnBlur={true}
          closeOnEscape={true}
          deburr={false}
          fluid={true}
          icon="dropdown"
          minCharacters={1}
          multiple={true}
          name="keyIngredients"
          noResultsMessage="No results found."
          onChange={[Function]}
          openOnFocus={true}
          options={
            Array [
              Object {
                "key": "1",
                "text": "Salt",
                "value": "Salt",
              },
              Object {
                "key": "2",
                "text": "Lettuce",
                "value": "Lettuce",
              },
              Object {
                "key": "3",
                "text": "Yoghurt",
                "value": "Yoghurt",
              },
            ]
          }
          placeholder="Select key ingredients"
          renderLabel={[Function]}
          searchInput="text"
          selectOnBlur={true}
          selectOnNavigation={true}
          selection={true}
          value={Array []}
          wrapSelection={true}
        >
          <Ref
            innerRef={
              Object {
                "current": <div
                  aria-expanded="false"
                  aria-multiselectable="true"
                  class="ui fluid multiple selection dropdown"
                  name="keyIngredients"
                  role="listbox"
                  tabindex="0"
                >
                  <div
                    aria-atomic="true"
                    aria-live="polite"
                    class="default text"
                    role="alert"
                  >
                    Select key ingredients
                  </div>
                  <i
                    aria-hidden="true"
                    class="dropdown icon"
                  />
                  <div
                    class="menu transition"
                  >
                    <div
                      aria-checked="false"
                      aria-selected="true"
                      class="selected item"
                      role="option"
                      style="pointer-events: all;"
                    >
                      <span
                        class="text"
                      >
                        Salt
                      </span>
                    </div>
                    <div
                      aria-checked="false"
                      aria-selected="false"
                      class="item"
                      role="option"
                      style="pointer-events: all;"
                    >
                      <span
                        class="text"
                      >
                        Lettuce
                      </span>
                    </div>
                    <div
                      aria-checked="false"
                      aria-selected="false"
                      class="item"
                      role="option"
                      style="pointer-events: all;"
                    >
                      <span
                        class="text"
                      >
                        Yoghurt
                      </span>
                    </div>
                  </div>
                </div>,
              }
            }
          >
            <RefFindNode
              innerRef={
                Object {
                  "current": <div
                    aria-expanded="false"
                    aria-multiselectable="true"
                    class="ui fluid multiple selection dropdown"
                    name="keyIngredients"
                    role="listbox"
                    tabindex="0"
                  >
                    <div
                      aria-atomic="true"
                      aria-live="polite"
                      class="default text"
                      role="alert"
                    >
                      Select key ingredients
                    </div>
                    <i
                      aria-hidden="true"
                      class="dropdown icon"
                    />
                    <div
                      class="menu transition"
                    >
                      <div
                        aria-checked="false"
                        aria-selected="true"
                        class="selected item"
                        role="option"
                        style="pointer-events: all;"
                      >
                        <span
                          class="text"
                        >
                          Salt
                        </span>
                      </div>
                      <div
                        aria-checked="false"
                        aria-selected="false"
                        class="item"
                        role="option"
                        style="pointer-events: all;"
                      >
                        <span
                          class="text"
                        >
                          Lettuce
                        </span>
                      </div>
                      <div
                        aria-checked="false"
                        aria-selected="false"
                        class="item"
                        role="option"
                        style="pointer-events: all;"
                      >
                        <span
                          class="text"
                        >
                          Yoghurt
                        </span>
                      </div>
                    </div>
                  </div>,
                }
              }
            >
              <div
                aria-expanded={false}
                aria-multiselectable={true}
                className="ui fluid multiple selection dropdown"
                name="keyIngredients"
                onBlur={[Function]}
                onChange={[Function]}
                onClick={[Function]}
                onFocus={[Function]}
                onMouseDown={[Function]}
                role="listbox"
                tabIndex={0}
              >
                <div
                  aria-atomic={true}
                  aria-live="polite"
                  className="default text"
                  role="alert"
                >
                  Select key ingredients
                </div>
                <Icon
                  as="i"
                  className=""
                  name="dropdown"
                  onClick={[Function]}
                >
                  <i
                    aria-hidden="true"
                    className="dropdown icon"
                    onClick={[Function]}
                  />
                </Icon>
                <DropdownMenu>
                  <div
                    className="menu transition"
                  >
                    <DropdownItem
                      active={false}
                      key="1"
                      onClick={[Function]}
                      selected={true}
                      style={
                        Object {
                          "pointerEvents": "all",
                        }
                      }
                      text="Salt"
                      value="Salt"
                    >
                      <div
                        aria-checked={false}
                        aria-selected={true}
                        className="selected item"
                        onClick={[Function]}
                        role="option"
                        style={
                          Object {
                            "pointerEvents": "all",
                          }
                        }
                      >
                        <span
                          className="text"
                        >
                          Salt
                        </span>
                      </div>
                    </DropdownItem>
                    <DropdownItem
                      active={false}
                      key="2"
                      onClick={[Function]}
                      selected={false}
                      style={
                        Object {
                          "pointerEvents": "all",
                        }
                      }
                      text="Lettuce"
                      value="Lettuce"
                    >
                      <div
                        aria-checked={false}
                        aria-selected={false}
                        className="item"
                        onClick={[Function]}
                        role="option"
                        style={
                          Object {
                            "pointerEvents": "all",
                          }
                        }
                      >
                        <span
                          className="text"
                        >
                          Lettuce
                        </span>
                      </div>
                    </DropdownItem>
                    <DropdownItem
                      active={false}
                      key="3"
                      onClick={[Function]}
                      selected={false}
                      style={
                        Object {
                          "pointerEvents": "all",
                        }
                      }
                      text="Yoghurt"
                      value="Yoghurt"
                    >
                      <div
                        aria-checked={false}
                        aria-selected={false}
                        className="item"
                        onClick={[Function]}
                        role="option"
                        style={
                          Object {
                            "pointerEvents": "all",
                          }
                        }
                      >
                        <span
                          className="text"
                        >
                          Yoghurt
                        </span>
                      </div>
                    </DropdownItem>
                  </div>
                </DropdownMenu>
              </div>
            </RefFindNode>
          </Ref>
        </Dropdown>
        <Dropdown
          additionLabel="Add "
          additionPosition="top"
          closeOnBlur={true}
          closeOnEscape={true}
          deburr={false}
          fluid={true}
          icon="dropdown"
          minCharacters={1}
          multiple={true}
          name="optionalIngredients"
          noResultsMessage="No results found."
          onChange={[Function]}
          openOnFocus={true}
          options={
            Array [
              Object {
                "key": "1",
                "text": "Salt",
                "value": "Salt",
              },
              Object {
                "key": "2",
                "text": "Lettuce",
                "value": "Lettuce",
              },
              Object {
                "key": "3",
                "text": "Yoghurt",
                "value": "Yoghurt",
              },
            ]
          }
          placeholder="Select optional ingredients"
          renderLabel={[Function]}
          searchInput="text"
          selectOnBlur={true}
          selectOnNavigation={true}
          selection={true}
          value={Array []}
          wrapSelection={true}
        >
          <Ref
            innerRef={
              Object {
                "current": <div
                  aria-expanded="false"
                  aria-multiselectable="true"
                  class="ui fluid multiple selection dropdown"
                  name="optionalIngredients"
                  role="listbox"
                  tabindex="0"
                >
                  <div
                    aria-atomic="true"
                    aria-live="polite"
                    class="default text"
                    role="alert"
                  >
                    Select optional ingredients
                  </div>
                  <i
                    aria-hidden="true"
                    class="dropdown icon"
                  />
                  <div
                    class="menu transition"
                  >
                    <div
                      aria-checked="false"
                      aria-selected="true"
                      class="selected item"
                      role="option"
                      style="pointer-events: all;"
                    >
                      <span
                        class="text"
                      >
                        Salt
                      </span>
                    </div>
                    <div
                      aria-checked="false"
                      aria-selected="false"
                      class="item"
                      role="option"
                      style="pointer-events: all;"
                    >
                      <span
                        class="text"
                      >
                        Lettuce
                      </span>
                    </div>
                    <div
                      aria-checked="false"
                      aria-selected="false"
                      class="item"
                      role="option"
                      style="pointer-events: all;"
                    >
                      <span
                        class="text"
                      >
                        Yoghurt
                      </span>
                    </div>
                  </div>
                </div>,
              }
            }
          >
            <RefFindNode
              innerRef={
                Object {
                  "current": <div
                    aria-expanded="false"
                    aria-multiselectable="true"
                    class="ui fluid multiple selection dropdown"
                    name="optionalIngredients"
                    role="listbox"
                    tabindex="0"
                  >
                    <div
                      aria-atomic="true"
                      aria-live="polite"
                      class="default text"
                      role="alert"
                    >
                      Select optional ingredients
                    </div>
                    <i
                      aria-hidden="true"
                      class="dropdown icon"
                    />
                    <div
                      class="menu transition"
                    >
                      <div
                        aria-checked="false"
                        aria-selected="true"
                        class="selected item"
                        role="option"
                        style="pointer-events: all;"
                      >
                        <span
                          class="text"
                        >
                          Salt
                        </span>
                      </div>
                      <div
                        aria-checked="false"
                        aria-selected="false"
                        class="item"
                        role="option"
                        style="pointer-events: all;"
                      >
                        <span
                          class="text"
                        >
                          Lettuce
                        </span>
                      </div>
                      <div
                        aria-checked="false"
                        aria-selected="false"
                        class="item"
                        role="option"
                        style="pointer-events: all;"
                      >
                        <span
                          class="text"
                        >
                          Yoghurt
                        </span>
                      </div>
                    </div>
                  </div>,
                }
              }
            >
              <div
                aria-expanded={false}
                aria-multiselectable={true}
                className="ui fluid multiple selection dropdown"
                name="optionalIngredients"
                onBlur={[Function]}
                onChange={[Function]}
                onClick={[Function]}
                onFocus={[Function]}
                onMouseDown={[Function]}
                role="listbox"
                tabIndex={0}
              >
                <div
                  aria-atomic={true}
                  aria-live="polite"
                  className="default text"
                  role="alert"
                >
                  Select optional ingredients
                </div>
                <Icon
                  as="i"
                  className=""
                  name="dropdown"
                  onClick={[Function]}
                >
                  <i
                    aria-hidden="true"
                    className="dropdown icon"
                    onClick={[Function]}
                  />
                </Icon>
                <DropdownMenu>
                  <div
                    className="menu transition"
                  >
                    <DropdownItem
                      active={false}
                      key="1"
                      onClick={[Function]}
                      selected={true}
                      style={
                        Object {
                          "pointerEvents": "all",
                        }
                      }
                      text="Salt"
                      value="Salt"
                    >
                      <div
                        aria-checked={false}
                        aria-selected={true}
                        className="selected item"
                        onClick={[Function]}
                        role="option"
                        style={
                          Object {
                            "pointerEvents": "all",
                          }
                        }
                      >
                        <span
                          className="text"
                        >
                          Salt
                        </span>
                      </div>
                    </DropdownItem>
                    <DropdownItem
                      active={false}
                      key="2"
                      onClick={[Function]}
                      selected={false}
                      style={
                        Object {
                          "pointerEvents": "all",
                        }
                      }
                      text="Lettuce"
                      value="Lettuce"
                    >
                      <div
                        aria-checked={false}
                        aria-selected={false}
                        className="item"
                        onClick={[Function]}
                        role="option"
                        style={
                          Object {
                            "pointerEvents": "all",
                          }
                        }
                      >
                        <span
                          className="text"
                        >
                          Lettuce
                        </span>
                      </div>
                    </DropdownItem>
                    <DropdownItem
                      active={false}
                      key="3"
                      onClick={[Function]}
                      selected={false}
                      style={
                        Object {
                          "pointerEvents": "all",
                        }
                      }
                      text="Yoghurt"
                      value="Yoghurt"
                    >
                      <div
                        aria-checked={false}
                        aria-selected={false}
                        className="item"
                        onClick={[Function]}
                        role="option"
                        style={
                          Object {
                            "pointerEvents": "all",
                          }
                        }
                      >
                        <span
                          className="text"
                        >
                          Yoghurt
                        </span>
                      </div>
                    </DropdownItem>
                  </div>
                </DropdownMenu>
              </div>
            </RefFindNode>
          </Ref>
        </Dropdown>
        <textarea
          onChange={[Function]}
          placeholder="Description"
          value=""
        />
        <Dropdown
          additionLabel="Add "
          additionPosition="top"
          clearable={true}
          closeOnBlur={true}
          closeOnEscape={true}
          deburr={false}
          fluid={true}
          icon="dropdown"
          minCharacters={1}
          name="type"
          noResultsMessage="No results found."
          onChange={[Function]}
          openOnFocus={true}
          options={
            Array [
              Object {
                "key": "Breakfast",
                "text": "Breakfast",
                "value": "Breakfast",
              },
              Object {
                "key": "Lunch",
                "text": "Lunch",
                "value": "Lunch",
              },
              Object {
                "key": "Dinner",
                "text": "Dinner",
                "value": "Dinner",
              },
              Object {
                "key": "Snack",
                "text": "Snack",
                "value": "Snack",
              },
              Object {
                "key": "Dessert",
                "text": "Dessert",
                "value": "Dessert",
              },
            ]
          }
          placeholder="Select dish type"
          renderLabel={[Function]}
          searchInput="text"
          selectOnBlur={true}
          selectOnNavigation={true}
          selection={true}
          value=""
          wrapSelection={true}
        >
          <Ref
            innerRef={
              Object {
                "current": <div
                  aria-expanded="false"
                  class="ui fluid selection dropdown"
                  name="type"
                  role="listbox"
                  tabindex="0"
                >
                  <div
                    aria-atomic="true"
                    aria-live="polite"
                    class="default text"
                    role="alert"
                  >
                    Select dish type
                  </div>
                  <i
                    aria-hidden="true"
                    class="dropdown icon"
                  />
                  <div
                    class="menu transition"
                  >
                    <div
                      aria-checked="false"
                      aria-selected="true"
                      class="selected item"
                      role="option"
                      style="pointer-events: all;"
                    >
                      <span
                        class="text"
                      >
                        Breakfast
                      </span>
                    </div>
                    <div
                      aria-checked="false"
                      aria-selected="false"
                      class="item"
                      role="option"
                      style="pointer-events: all;"
                    >
                      <span
                        class="text"
                      >
                        Lunch
                      </span>
                    </div>
                    <div
                      aria-checked="false"
                      aria-selected="false"
                      class="item"
                      role="option"
                      style="pointer-events: all;"
                    >
                      <span
                        class="text"
                      >
                        Dinner
                      </span>
                    </div>
                    <div
                      aria-checked="false"
                      aria-selected="false"
                      class="item"
                      role="option"
                      style="pointer-events: all;"
                    >
                      <span
                        class="text"
                      >
                        Snack
                      </span>
                    </div>
                    <div
                      aria-checked="false"
                      aria-selected="false"
                      class="item"
                      role="option"
                      style="pointer-events: all;"
                    >
                      <span
                        class="text"
                      >
                        Dessert
                      </span>
                    </div>
                  </div>
                </div>,
              }
            }
          >
            <RefFindNode
              innerRef={
                Object {
                  "current": <div
                    aria-expanded="false"
                    class="ui fluid selection dropdown"
                    name="type"
                    role="listbox"
                    tabindex="0"
                  >
                    <div
                      aria-atomic="true"
                      aria-live="polite"
                      class="default text"
                      role="alert"
                    >
                      Select dish type
                    </div>
                    <i
                      aria-hidden="true"
                      class="dropdown icon"
                    />
                    <div
                      class="menu transition"
                    >
                      <div
                        aria-checked="false"
                        aria-selected="true"
                        class="selected item"
                        role="option"
                        style="pointer-events: all;"
                      >
                        <span
                          class="text"
                        >
                          Breakfast
                        </span>
                      </div>
                      <div
                        aria-checked="false"
                        aria-selected="false"
                        class="item"
                        role="option"
                        style="pointer-events: all;"
                      >
                        <span
                          class="text"
                        >
                          Lunch
                        </span>
                      </div>
                      <div
                        aria-checked="false"
                        aria-selected="false"
                        class="item"
                        role="option"
                        style="pointer-events: all;"
                      >
                        <span
                          class="text"
                        >
                          Dinner
                        </span>
                      </div>
                      <div
                        aria-checked="false"
                        aria-selected="false"
                        class="item"
                        role="option"
                        style="pointer-events: all;"
                      >
                        <span
                          class="text"
                        >
                          Snack
                        </span>
                      </div>
                      <div
                        aria-checked="false"
                        aria-selected="false"
                        class="item"
                        role="option"
                        style="pointer-events: all;"
                      >
                        <span
                          class="text"
                        >
                          Dessert
                        </span>
                      </div>
                    </div>
                  </div>,
                }
              }
            >
              <div
                aria-expanded={false}
                className="ui fluid selection dropdown"
                name="type"
                onBlur={[Function]}
                onChange={[Function]}
                onClick={[Function]}
                onFocus={[Function]}
                onMouseDown={[Function]}
                role="listbox"
                tabIndex={0}
              >
                <div
                  aria-atomic={true}
                  aria-live="polite"
                  className="default text"
                  role="alert"
                >
                  Select dish type
                </div>
                <Icon
                  as="i"
                  className=""
                  name="dropdown"
                  onClick={[Function]}
                >
                  <i
                    aria-hidden="true"
                    className="dropdown icon"
                    onClick={[Function]}
                  />
                </Icon>
                <DropdownMenu>
                  <div
                    className="menu transition"
                  >
                    <DropdownItem
                      active={false}
                      key="Breakfast"
                      onClick={[Function]}
                      selected={true}
                      style={
                        Object {
                          "pointerEvents": "all",
                        }
                      }
                      text="Breakfast"
                      value="Breakfast"
                    >
                      <div
                        aria-checked={false}
                        aria-selected={true}
                        className="selected item"
                        onClick={[Function]}
                        role="option"
                        style={
                          Object {
                            "pointerEvents": "all",
                          }
                        }
                      >
                        <span
                          className="text"
                        >
                          Breakfast
                        </span>
                      </div>
                    </DropdownItem>
                    <DropdownItem
                      active={false}
                      key="Lunch"
                      onClick={[Function]}
                      selected={false}
                      style={
                        Object {
                          "pointerEvents": "all",
                        }
                      }
                      text="Lunch"
                      value="Lunch"
                    >
                      <div
                        aria-checked={false}
                        aria-selected={false}
                        className="item"
                        onClick={[Function]}
                        role="option"
                        style={
                          Object {
                            "pointerEvents": "all",
                          }
                        }
                      >
                        <span
                          className="text"
                        >
                          Lunch
                        </span>
                      </div>
                    </DropdownItem>
                    <DropdownItem
                      active={false}
                      key="Dinner"
                      onClick={[Function]}
                      selected={false}
                      style={
                        Object {
                          "pointerEvents": "all",
                        }
                      }
                      text="Dinner"
                      value="Dinner"
                    >
                      <div
                        aria-checked={false}
                        aria-selected={false}
                        className="item"
                        onClick={[Function]}
                        role="option"
                        style={
                          Object {
                            "pointerEvents": "all",
                          }
                        }
                      >
                        <span
                          className="text"
                        >
                          Dinner
                        </span>
                      </div>
                    </DropdownItem>
                    <DropdownItem
                      active={false}
                      key="Snack"
                      onClick={[Function]}
                      selected={false}
                      style={
                        Object {
                          "pointerEvents": "all",
                        }
                      }
                      text="Snack"
                      value="Snack"
                    >
                      <div
                        aria-checked={false}
                        aria-selected={false}
                        className="item"
                        onClick={[Function]}
                        role="option"
                        style={
                          Object {
                            "pointerEvents": "all",
                          }
                        }
                      >
                        <span
                          className="text"
                        >
                          Snack
                        </span>
                      </div>
                    </DropdownItem>
                    <DropdownItem
                      active={false}
                      key="Dessert"
                      onClick={[Function]}
                      selected={false}
                      style={
                        Object {
                          "pointerEvents": "all",
                        }
                      }
                      text="Dessert"
                      value="Dessert"
                    >
                      <div
                        aria-checked={false}
                        aria-selected={false}
                        className="item"
                        onClick={[Function]}
                        role="option"
                        style={
                          Object {
                            "pointerEvents": "all",
                          }
                        }
                      >
                        <span
                          className="text"
                        >
                          Dessert
                        </span>
                      </div>
                    </DropdownItem>
                  </div>
                </DropdownMenu>
              </div>
            </RefFindNode>
          </Ref>
        </Dropdown>
        <Dropdown
          additionLabel="Add "
          additionPosition="top"
          clearable={true}
          closeOnBlur={true}
          closeOnEscape={true}
          deburr={false}
          fluid={true}
          icon="dropdown"
          minCharacters={1}
          name="cuisine"
          noResultsMessage="No results found."
          onChange={[Function]}
          openOnFocus={true}
          options={
            Array [
              Object {
                "key": "Mexican",
                "text": "Mexican",
                "value": "Mexican",
              },
              Object {
                "key": "Italian",
                "text": "Italian",
                "value": "Italian",
              },
              Object {
                "key": "Asian",
                "text": "Asian",
                "value": "Asian",
              },
              Object {
                "key": "Indian",
                "text": "Indian",
                "value": "Indian",
              },
              Object {
                "key": "Mediterranean",
                "text": "Mediterranean",
                "value": "Mediterranean",
              },
              Object {
                "key": "Thai",
                "text": "Thai",
                "value": "Thai",
              },
              Object {
                "key": "French",
                "text": "French",
                "value": "French",
              },
              Object {
                "key": "German",
                "text": "German",
                "value": "German",
              },
              Object {
                "key": "Carribbean",
                "text": "Carribbean",
                "value": "Carribbean",
              },
            ]
          }
          placeholder="Select cuisine"
          renderLabel={[Function]}
          searchInput="text"
          selectOnBlur={true}
          selectOnNavigation={true}
          selection={true}
          value=""
          wrapSelection={true}
        >
          <Ref
            innerRef={
              Object {
                "current": <div
                  aria-expanded="false"
                  class="ui fluid selection dropdown"
                  name="cuisine"
                  role="listbox"
                  tabindex="0"
                >
                  <div
                    aria-atomic="true"
                    aria-live="polite"
                    class="default text"
                    role="alert"
                  >
                    Select cuisine
                  </div>
                  <i
                    aria-hidden="true"
                    class="dropdown icon"
                  />
                  <div
                    class="menu transition"
                  >
                    <div
                      aria-checked="false"
                      aria-selected="true"
                      class="selected item"
                      role="option"
                      style="pointer-events: all;"
                    >
                      <span
                        class="text"
                      >
                        Mexican
                      </span>
                    </div>
                    <div
                      aria-checked="false"
                      aria-selected="false"
                      class="item"
                      role="option"
                      style="pointer-events: all;"
                    >
                      <span
                        class="text"
                      >
                        Italian
                      </span>
                    </div>
                    <div
                      aria-checked="false"
                      aria-selected="false"
                      class="item"
                      role="option"
                      style="pointer-events: all;"
                    >
                      <span
                        class="text"
                      >
                        Asian
                      </span>
                    </div>
                    <div
                      aria-checked="false"
                      aria-selected="false"
                      class="item"
                      role="option"
                      style="pointer-events: all;"
                    >
                      <span
                        class="text"
                      >
                        Indian
                      </span>
                    </div>
                    <div
                      aria-checked="false"
                      aria-selected="false"
                      class="item"
                      role="option"
                      style="pointer-events: all;"
                    >
                      <span
                        class="text"
                      >
                        Mediterranean
                      </span>
                    </div>
                    <div
                      aria-checked="false"
                      aria-selected="false"
                      class="item"
                      role="option"
                      style="pointer-events: all;"
                    >
                      <span
                        class="text"
                      >
                        Thai
                      </span>
                    </div>
                    <div
                      aria-checked="false"
                      aria-selected="false"
                      class="item"
                      role="option"
                      style="pointer-events: all;"
                    >
                      <span
                        class="text"
                      >
                        French
                      </span>
                    </div>
                    <div
                      aria-checked="false"
                      aria-selected="false"
                      class="item"
                      role="option"
                      style="pointer-events: all;"
                    >
                      <span
                        class="text"
                      >
                        German
                      </span>
                    </div>
                    <div
                      aria-checked="false"
                      aria-selected="false"
                      class="item"
                      role="option"
                      style="pointer-events: all;"
                    >
                      <span
                        class="text"
                      >
                        Carribbean
                      </span>
                    </div>
                  </div>
                </div>,
              }
            }
          >
            <RefFindNode
              innerRef={
                Object {
                  "current": <div
                    aria-expanded="false"
                    class="ui fluid selection dropdown"
                    name="cuisine"
                    role="listbox"
                    tabindex="0"
                  >
                    <div
                      aria-atomic="true"
                      aria-live="polite"
                      class="default text"
                      role="alert"
                    >
                      Select cuisine
                    </div>
                    <i
                      aria-hidden="true"
                      class="dropdown icon"
                    />
                    <div
                      class="menu transition"
                    >
                      <div
                        aria-checked="false"
                        aria-selected="true"
                        class="selected item"
                        role="option"
                        style="pointer-events: all;"
                      >
                        <span
                          class="text"
                        >
                          Mexican
                        </span>
                      </div>
                      <div
                        aria-checked="false"
                        aria-selected="false"
                        class="item"
                        role="option"
                        style="pointer-events: all;"
                      >
                        <span
                          class="text"
                        >
                          Italian
                        </span>
                      </div>
                      <div
                        aria-checked="false"
                        aria-selected="false"
                        class="item"
                        role="option"
                        style="pointer-events: all;"
                      >
                        <span
                          class="text"
                        >
                          Asian
                        </span>
                      </div>
                      <div
                        aria-checked="false"
                        aria-selected="false"
                        class="item"
                        role="option"
                        style="pointer-events: all;"
                      >
                        <span
                          class="text"
                        >
                          Indian
                        </span>
                      </div>
                      <div
                        aria-checked="false"
                        aria-selected="false"
                        class="item"
                        role="option"
                        style="pointer-events: all;"
                      >
                        <span
                          class="text"
                        >
                          Mediterranean
                        </span>
                      </div>
                      <div
                        aria-checked="false"
                        aria-selected="false"
                        class="item"
                        role="option"
                        style="pointer-events: all;"
                      >
                        <span
                          class="text"
                        >
                          Thai
                        </span>
                      </div>
                      <div
                        aria-checked="false"
                        aria-selected="false"
                        class="item"
                        role="option"
                        style="pointer-events: all;"
                      >
                        <span
                          class="text"
                        >
                          French
                        </span>
                      </div>
                      <div
                        aria-checked="false"
                        aria-selected="false"
                        class="item"
                        role="option"
                        style="pointer-events: all;"
                      >
                        <span
                          class="text"
                        >
                          German
                        </span>
                      </div>
                      <div
                        aria-checked="false"
                        aria-selected="false"
                        class="item"
                        role="option"
                        style="pointer-events: all;"
                      >
                        <span
                          class="text"
                        >
                          Carribbean
                        </span>
                      </div>
                    </div>
                  </div>,
                }
              }
            >
              <div
                aria-expanded={false}
                className="ui fluid selection dropdown"
                name="cuisine"
                onBlur={[Function]}
                onChange={[Function]}
                onClick={[Function]}
                onFocus={[Function]}
                onMouseDown={[Function]}
                role="listbox"
                tabIndex={0}
              >
                <div
                  aria-atomic={true}
                  aria-live="polite"
                  className="default text"
                  role="alert"
                >
                  Select cuisine
                </div>
                <Icon
                  as="i"
                  className=""
                  name="dropdown"
                  onClick={[Function]}
                >
                  <i
                    aria-hidden="true"
                    className="dropdown icon"
                    onClick={[Function]}
                  />
                </Icon>
                <DropdownMenu>
                  <div
                    className="menu transition"
                  >
                    <DropdownItem
                      active={false}
                      key="Mexican"
                      onClick={[Function]}
                      selected={true}
                      style={
                        Object {
                          "pointerEvents": "all",
                        }
                      }
                      text="Mexican"
                      value="Mexican"
                    >
                      <div
                        aria-checked={false}
                        aria-selected={true}
                        className="selected item"
                        onClick={[Function]}
                        role="option"
                        style={
                          Object {
                            "pointerEvents": "all",
                          }
                        }
                      >
                        <span
                          className="text"
                        >
                          Mexican
                        </span>
                      </div>
                    </DropdownItem>
                    <DropdownItem
                      active={false}
                      key="Italian"
                      onClick={[Function]}
                      selected={false}
                      style={
                        Object {
                          "pointerEvents": "all",
                        }
                      }
                      text="Italian"
                      value="Italian"
                    >
                      <div
                        aria-checked={false}
                        aria-selected={false}
                        className="item"
                        onClick={[Function]}
                        role="option"
                        style={
                          Object {
                            "pointerEvents": "all",
                          }
                        }
                      >
                        <span
                          className="text"
                        >
                          Italian
                        </span>
                      </div>
                    </DropdownItem>
                    <DropdownItem
                      active={false}
                      key="Asian"
                      onClick={[Function]}
                      selected={false}
                      style={
                        Object {
                          "pointerEvents": "all",
                        }
                      }
                      text="Asian"
                      value="Asian"
                    >
                      <div
                        aria-checked={false}
                        aria-selected={false}
                        className="item"
                        onClick={[Function]}
                        role="option"
                        style={
                          Object {
                            "pointerEvents": "all",
                          }
                        }
                      >
                        <span
                          className="text"
                        >
                          Asian
                        </span>
                      </div>
                    </DropdownItem>
                    <DropdownItem
                      active={false}
                      key="Indian"
                      onClick={[Function]}
                      selected={false}
                      style={
                        Object {
                          "pointerEvents": "all",
                        }
                      }
                      text="Indian"
                      value="Indian"
                    >
                      <div
                        aria-checked={false}
                        aria-selected={false}
                        className="item"
                        onClick={[Function]}
                        role="option"
                        style={
                          Object {
                            "pointerEvents": "all",
                          }
                        }
                      >
                        <span
                          className="text"
                        >
                          Indian
                        </span>
                      </div>
                    </DropdownItem>
                    <DropdownItem
                      active={false}
                      key="Mediterranean"
                      onClick={[Function]}
                      selected={false}
                      style={
                        Object {
                          "pointerEvents": "all",
                        }
                      }
                      text="Mediterranean"
                      value="Mediterranean"
                    >
                      <div
                        aria-checked={false}
                        aria-selected={false}
                        className="item"
                        onClick={[Function]}
                        role="option"
                        style={
                          Object {
                            "pointerEvents": "all",
                          }
                        }
                      >
                        <span
                          className="text"
                        >
                          Mediterranean
                        </span>
                      </div>
                    </DropdownItem>
                    <DropdownItem
                      active={false}
                      key="Thai"
                      onClick={[Function]}
                      selected={false}
                      style={
                        Object {
                          "pointerEvents": "all",
                        }
                      }
                      text="Thai"
                      value="Thai"
                    >
                      <div
                        aria-checked={false}
                        aria-selected={false}
                        className="item"
                        onClick={[Function]}
                        role="option"
                        style={
                          Object {
                            "pointerEvents": "all",
                          }
                        }
                      >
                        <span
                          className="text"
                        >
                          Thai
                        </span>
                      </div>
                    </DropdownItem>
                    <DropdownItem
                      active={false}
                      key="French"
                      onClick={[Function]}
                      selected={false}
                      style={
                        Object {
                          "pointerEvents": "all",
                        }
                      }
                      text="French"
                      value="French"
                    >
                      <div
                        aria-checked={false}
                        aria-selected={false}
                        className="item"
                        onClick={[Function]}
                        role="option"
                        style={
                          Object {
                            "pointerEvents": "all",
                          }
                        }
                      >
                        <span
                          className="text"
                        >
                          French
                        </span>
                      </div>
                    </DropdownItem>
                    <DropdownItem
                      active={false}
                      key="German"
                      onClick={[Function]}
                      selected={false}
                      style={
                        Object {
                          "pointerEvents": "all",
                        }
                      }
                      text="German"
                      value="German"
                    >
                      <div
                        aria-checked={false}
                        aria-selected={false}
                        className="item"
                        onClick={[Function]}
                        role="option"
                        style={
                          Object {
                            "pointerEvents": "all",
                          }
                        }
                      >
                        <span
                          className="text"
                        >
                          German
                        </span>
                      </div>
                    </DropdownItem>
                    <DropdownItem
                      active={false}
                      key="Carribbean"
                      onClick={[Function]}
                      selected={false}
                      style={
                        Object {
                          "pointerEvents": "all",
                        }
                      }
                      text="Carribbean"
                      value="Carribbean"
                    >
                      <div
                        aria-checked={false}
                        aria-selected={false}
                        className="item"
                        onClick={[Function]}
                        role="option"
                        style={
                          Object {
                            "pointerEvents": "all",
                          }
                        }
                      >
                        <span
                          className="text"
                        >
                          Carribbean
                        </span>
                      </div>
                    </DropdownItem>
                  </div>
                </DropdownMenu>
              </div>
            </RefFindNode>
          </Ref>
        </Dropdown>
        <div
          key="0"
        >
          <input
            onChange={[Function]}
            placeholder="Recipe links"
            type="url"
            value=""
          />
          <button
            onClick={[Function]}
            type="button"
          >
            +
          </button>
          <button
            onClick={[Function]}
            type="button"
          >
            -
          </button>
        </div>
        <button>
          Save Dish
        </button>
      </form>
    </DishForm>
    <button
      onClick={[Function]}
    >
      Remove Dish
    </button>
  </div>
</EditDishHome>
`;
