// Jest Snapshot v1, https://goo.gl/fbAQLP

exports[`should render AddIngredientForm correctly 1`] = `
<div>
  <p>
    Add Ingredient
  </p>
  <form>
    <input
      placeholder="Name"
      type="text"
    />
    <input
      placeholder="Category"
      type="text"
    />
    <input
      placeholder="Price"
      type="text"
    />
  </form>
</div>
`;
